Archive member included to satisfy reference by file (symbol)

/home/lyes/fsl-community-bsp/build-openrex/tmp/sysroots/imx6s-openrex/usr/lib/arm-poky-linux-gnueabi/5.2.0/libgcc.a(_udivsi3.o)
                              arch/arm/cpu/armv7/built-in.o (__aeabi_uidiv)
/home/lyes/fsl-community-bsp/build-openrex/tmp/sysroots/imx6s-openrex/usr/lib/arm-poky-linux-gnueabi/5.2.0/libgcc.a(_divsi3.o)
                              common/built-in.o (__aeabi_idiv)
/home/lyes/fsl-community-bsp/build-openrex/tmp/sysroots/imx6s-openrex/usr/lib/arm-poky-linux-gnueabi/5.2.0/libgcc.a(_lshrdi3.o)
                              fs/built-in.o (__aeabi_llsr)
/home/lyes/fsl-community-bsp/build-openrex/tmp/sysroots/imx6s-openrex/usr/lib/arm-poky-linux-gnueabi/5.2.0/libgcc.a(_ashldi3.o)
                              drivers/mmc/built-in.o (__aeabi_llsl)
/home/lyes/fsl-community-bsp/build-openrex/tmp/sysroots/imx6s-openrex/usr/lib/arm-poky-linux-gnueabi/5.2.0/libgcc.a(_dvmd_lnx.o)
                              /home/lyes/fsl-community-bsp/build-openrex/tmp/sysroots/imx6s-openrex/usr/lib/arm-poky-linux-gnueabi/5.2.0/libgcc.a(_udivsi3.o) (__aeabi_idiv0)

Discarded input sections

 .data          0x0000000000000000        0x0 arch/arm/cpu/armv7/start.o
 .bss           0x0000000000000000        0x0 arch/arm/cpu/armv7/start.o
 .text.v7_outer_cache_enable
                0x0000000000000000        0x4 arch/arm/cpu/armv7/built-in.o
 .text.v7_outer_cache_disable
                0x0000000000000000        0x4 arch/arm/cpu/armv7/built-in.o
 .text.v7_outer_cache_flush_all
                0x0000000000000000        0x4 arch/arm/cpu/armv7/built-in.o
 .text.v7_outer_cache_inval_all
                0x0000000000000000        0x4 arch/arm/cpu/armv7/built-in.o
 .text.v7_outer_cache_flush_range
                0x0000000000000000        0x4 arch/arm/cpu/armv7/built-in.o
 .text.v7_outer_cache_inval_range
                0x0000000000000000        0x4 arch/arm/cpu/armv7/built-in.o
 .text.v7_arch_cp15_set_l2aux_ctrl
                0x0000000000000000        0x8 arch/arm/cpu/armv7/built-in.o
 .text.v7_arch_cp15_set_acr
                0x0000000000000000        0x8 arch/arm/cpu/armv7/built-in.o
 .text.sdelay   0x0000000000000000        0xc arch/arm/cpu/armv7/built-in.o
 .text.wait_on_value
                0x0000000000000000       0x34 arch/arm/cpu/armv7/built-in.o
 .text.enable_enet_clk
                0x0000000000000000       0x48 arch/arm/cpu/armv7/built-in.o
 .text.enable_uart_clk
                0x0000000000000000       0x4c arch/arm/cpu/armv7/built-in.o
 .text.enable_usdhc_clk
                0x0000000000000000       0x4c arch/arm/cpu/armv7/built-in.o
 .text.enable_spi_clk
                0x0000000000000000       0x44 arch/arm/cpu/armv7/built-in.o
 .text.enable_fec_anatop_clock
                0x0000000000000000       0xe4 arch/arm/cpu/armv7/built-in.o
 .text.enable_ipu_clock
                0x0000000000000000       0x58 arch/arm/cpu/armv7/built-in.o
 .data          0x0000000000000000        0x0 arch/arm/cpu/armv7/built-in.o
 .bss           0x0000000000000000        0x0 arch/arm/cpu/armv7/built-in.o
 .text          0x0000000000000000        0x0 arch/arm/imx-common/built-in.o
 .text.get_imx_reset_cause
                0x0000000000000000       0x10 arch/arm/imx-common/built-in.o
 .text.set_chipselect_size
                0x0000000000000000       0x84 arch/arm/imx-common/built-in.o
 .text.force_idle_bus
                0x0000000000000000      0x124 arch/arm/imx-common/built-in.o
 .text.setup_i2c
                0x0000000000000000       0xdc arch/arm/imx-common/built-in.o
 .text.mxs_wait_mask_set
                0x0000000000000000       0x3c arch/arm/imx-common/built-in.o
 .text.mxs_wait_mask_clr
                0x0000000000000000       0x3c arch/arm/imx-common/built-in.o
 .text.mxs_reset_block
                0x0000000000000000       0x90 arch/arm/imx-common/built-in.o
 .rodata.__func__.7052
                0x0000000000000000        0xf arch/arm/imx-common/built-in.o
 .data          0x0000000000000000        0x0 arch/arm/imx-common/built-in.o
 .bss           0x0000000000000000        0x0 arch/arm/imx-common/built-in.o
 .text.enable_caches
                0x0000000000000000        0xc arch/arm/lib/built-in.o
 .text.invalidate_dcache_range
                0x0000000000000000        0x4 arch/arm/lib/built-in.o
 .text.flush_dcache_range
                0x0000000000000000        0x4 arch/arm/lib/built-in.o
 .text.flush_dcache_all
                0x0000000000000000        0xc arch/arm/lib/built-in.o
 .text.arm_init_before_mmu
                0x0000000000000000        0x4 arch/arm/lib/built-in.o
 .text.mmu_page_table_flush
                0x0000000000000000        0x4 arch/arm/lib/built-in.o
 .rodata.pl310  0x0000000000000000        0x4 arch/arm/lib/built-in.o
 .data          0x0000000000000000        0x0 arch/arm/lib/built-in.o
 .__secure_start
                0x0000000000000000        0x0 arch/arm/lib/built-in.o
[...]
Memory Configuration

Name             Origin             Length             Attributes
*default*        0x0000000000000000 0xffffffffffffffff

Linker script and memory map

Address of section .text set to 0x17800000
                0x0000000000000000                . = 0x0
                0x0000000000000000                . = ALIGN (0x4)

.text           0x0000000017800000    0x41ed4
 *(.__image_copy_start)
 .__image_copy_start
                0x0000000017800000        0x0 arch/arm/lib/built-in.o
                0x0000000017800000                __image_copy_start
 *(.vectors)
 .vectors       0x0000000017800000      0x300 arch/arm/lib/built-in.o
                0x0000000017800000                _start
                0x0000000017800020                _undefined_instruction
                0x0000000017800024                _software_interrupt
                0x0000000017800028                _prefetch_abort
                0x000000001780002c                _data_abort
                0x0000000017800030                _not_used
                0x0000000017800034                _irq
                0x0000000017800038                _fiq
                0x0000000017800040                IRQ_STACK_START_IN
 arch/arm/cpu/armv7/start.o(.text*)
 .text          0x0000000017800300       0xe0 arch/arm/cpu/armv7/start.o
                0x0000000017800300                reset
                0x0000000017800304                save_boot_params_ret
                0x0000000017800340                c_runtime_cpu_setup
                0x0000000017800350                save_boot_params
                0x0000000017800354                cpu_init_cp15
                0x00000000178003d8                cpu_init_crit
 *(.text*)
 .text          0x00000000178003e0       0x24 arch/arm/cpu/armv7/built-in.o
                0x00000000178003e0                lowlevel_init
 .text.v7_maint_dcache_all
                0x0000000017800404       0xd0 arch/arm/cpu/armv7/built-in.o
 .text.invalidate_icache_all
                0x00000000178004d4       0x18 arch/arm/cpu/armv7/built-in.o
                0x00000000178004d4                invalidate_icache_all
 .text.flush_dcache_all
                0x00000000178004ec       0x14 arch/arm/cpu/armv7/built-in.o
                0x00000000178004ec                flush_dcache_all
 .text.invalidate_dcache_all
                0x0000000017800500       0x14 arch/arm/cpu/armv7/built-in.o
                0x0000000017800500                invalidate_dcache_all
 .text.arm_init_before_mmu
                0x0000000017800514       0x28 arch/arm/cpu/armv7/built-in.o
                0x0000000017800514                arm_init_before_mmu
 .text.flush_dcache_range
                0x000000001780053c       0x38 arch/arm/cpu/armv7/built-in.o
                0x000000001780053c                flush_dcache_range
 .text.mmu_page_table_flush
                0x0000000017800574       0x24 arch/arm/cpu/armv7/built-in.o
                0x0000000017800574                mmu_page_table_flush
 .text.invalidate_dcache_range
                0x0000000017800598       0xa8 arch/arm/cpu/armv7/built-in.o
                0x0000000017800598                invalidate_dcache_range
 .text.cpu_cache_initialization
                0x0000000017800640        0x4 arch/arm/cpu/armv7/built-in.o
                0x0000000017800640                cpu_cache_initialization
 .text.cleanup_before_linux_select
                0x0000000017800644       0x4c arch/arm/cpu/armv7/built-in.o
                0x0000000017800644                cleanup_before_linux_select
 .text.cleanup_before_linux
                0x0000000017800690        0x8 arch/arm/cpu/armv7/built-in.o
                0x0000000017800690                cleanup_before_linux
 .text.get_nr_cpus
                0x0000000017800698       0x10 arch/arm/cpu/armv7/built-in.o
                0x0000000017800698                get_nr_cpus
 .text.get_cpu_rev
                0x00000000178006a8       0x90 arch/arm/cpu/armv7/built-in.o
                0x00000000178006a8                get_cpu_rev
 .text.get_cpu_speed_grade_hz
                0x0000000017800738       0xa0 arch/arm/cpu/armv7/built-in.o
                0x0000000017800738                get_cpu_speed_grade_hz
 .text.get_cpu_temp_grade
                0x00000000178007d8       0x68 arch/arm/cpu/armv7/built-in.o
                0x00000000178007d8                get_cpu_temp_grade
 .text.get_board_rev
                0x0000000017800840       0x30 arch/arm/cpu/armv7/built-in.o
                0x0000000017800840                get_board_rev
 .text.arch_cpu_init
                0x0000000017800870       0x94 arch/arm/cpu/armv7/built-in.o
                0x0000000017800870                arch_cpu_init
 .text.board_postclk_init
                0x0000000017800904       0x58 arch/arm/cpu/armv7/built-in.o
                0x0000000017800904                board_postclk_init
 .text.imx_get_mac_from_fuse
                0x000000001780095c       0x3c arch/arm/cpu/armv7/built-in.o
                0x000000001780095c                imx_get_mac_from_fuse
 .text.s_init   0x0000000017800998       0x88 arch/arm/cpu/armv7/built-in.o
                0x0000000017800998                s_init
 .text.get_ipg_clk
                0x0000000017800a20       0x28 arch/arm/cpu/armv7/built-in.o
 .text.get_uart_clk
                0x0000000017800a48       0xb8 arch/arm/cpu/armv7/built-in.o
 .text.mxc_get_pll_pfd
                0x0000000017800b00       0xbc arch/arm/cpu/armv7/built-in.o
 .text.get_usdhc_clk
                0x0000000017800bbc       0x8c arch/arm/cpu/armv7/built-in.o
 .text.enable_ocotp_clk
                0x0000000017800c48       0x24 arch/arm/cpu/armv7/built-in.o
                0x0000000017800c48                enable_ocotp_clk
 .text.enable_usboh3_clk
                0x0000000017800c6c       0x24 arch/arm/cpu/armv7/built-in.o
                0x0000000017800c6c                enable_usboh3_clk
 .text.enable_i2c_clk
                0x0000000017800c90       0xa8 arch/arm/cpu/armv7/built-in.o
                0x0000000017800c90                enable_i2c_clk
 .text.get_periph_clk
                0x0000000017800d38       0xdc arch/arm/cpu/armv7/built-in.o
                0x0000000017800d38                get_periph_clk
 .text.get_axi_clk
                0x0000000017800e14       0x4c arch/arm/cpu/armv7/built-in.o
 .text.imx_get_uartclk
                0x0000000017800e60        0x4 arch/arm/cpu/armv7/built-in.o
                0x0000000017800e60                imx_get_uartclk
 .text.enable_thermal_clk
                0x0000000017800e64       0x48 arch/arm/cpu/armv7/built-in.o
                0x0000000017800e64                enable_thermal_clk
 .text.mxc_get_clock
                0x0000000017800eac      0x3b8 arch/arm/cpu/armv7/built-in.o
                0x0000000017800eac                mxc_get_clock
 .text.imx_get_fecclk
                0x0000000017801264        0x8 arch/arm/cpu/armv7/built-in.o
                0x0000000017801264                imx_get_fecclk
 .text.do_mx6_showclocks
                0x000000001780126c      0x24c arch/arm/cpu/armv7/built-in.o
                0x000000001780126c                do_mx6_showclocks
 .text.cpu_reset
                0x00000000178014b8       0x28 arch/arm/cpu/armv7/built-in.o
                0x00000000178014b8                cpu_reset
 .text.cpu_status
                0x00000000178014e0       0x40 arch/arm/cpu/armv7/built-in.o
                0x00000000178014e0                cpu_status
 .text.cpu_release
                0x0000000017801520       0x84 arch/arm/cpu/armv7/built-in.o
                0x0000000017801520                cpu_release
 .text.is_core_valid
                0x00000000178015a4       0x1c arch/arm/cpu/armv7/built-in.o
                0x00000000178015a4                is_core_valid
 .text.cpu_disable
                0x00000000178015c0       0x28 arch/arm/cpu/armv7/built-in.o
                0x00000000178015c0                cpu_disable
 .text.imx_iomux_v3_setup_pad
                0x00000000178015e8       0xd0 arch/arm/imx-common/built-in.o
                0x00000000178015e8                imx_iomux_v3_setup_pad
 .text.imx_iomux_v3_setup_multiple_pads
                0x00000000178016b8       0x2c arch/arm/imx-common/built-in.o
                0x00000000178016b8                imx_iomux_v3_setup_multiple_pads
 .text.imx_iomux_set_gpr_register
                0x00000000178016e4       0x3c arch/arm/imx-common/built-in.o
                0x00000000178016e4                imx_iomux_set_gpr_register
 .text.timer_init
                0x0000000017801720      0x128 arch/arm/imx-common/built-in.o
                0x0000000017801720                timer_init
 .text.timer_read_counter
                0x0000000017801848       0x10 arch/arm/imx-common/built-in.o
                0x0000000017801848                timer_read_counter
 .text.get_tbclk
                0x0000000017801858       0x90 arch/arm/imx-common/built-in.o
                0x0000000017801858                get_tbclk
 .text.imx_ddr_size
                0x00000000178018e8       0x64 arch/arm/imx-common/built-in.o
                0x00000000178018e8                imx_ddr_size
 .text.get_imx_type
                0x000000001780194c       0x20 arch/arm/imx-common/built-in.o
                0x000000001780194c                get_imx_type
 .text.print_cpuinfo
                0x000000001780196c      0x228 arch/arm/imx-common/built-in.o
                0x000000001780196c                print_cpuinfo
 .text.cpu_eth_init
                0x0000000017801b94        0x4 arch/arm/imx-common/built-in.o
                0x0000000017801b94                cpu_eth_init
 .text.cpu_mmc_init
                0x0000000017801b98        0x4 arch/arm/imx-common/built-in.o
                0x0000000017801b98                cpu_mmc_init
 .text.get_ahb_clk
                0x0000000017801b9c       0x24 arch/arm/imx-common/built-in.o
                0x0000000017801b9c                get_ahb_clk
 .text.arch_preboot_os
                0x0000000017801bc0        0x4 arch/arm/imx-common/built-in.o
                0x0000000017801bc0                arch_preboot_os
 .text.get_clocks
                0x0000000017801bc4       0x1c arch/arm/imx-common/built-in.o
                0x0000000017801bc4                get_clocks
 .text.enable_caches
                0x0000000017801be0       0x34 arch/arm/imx-common/built-in.o
                0x0000000017801be0                enable_caches
 .text.v7_outer_cache_enable
                0x0000000017801c14       0x58 arch/arm/imx-common/built-in.o
                0x0000000017801c14                v7_outer_cache_enable
 .text.v7_outer_cache_disable
                0x0000000017801c6c       0x18 arch/arm/imx-common/built-in.o
                0x0000000017801c6c                v7_outer_cache_disable
 .text.init_aips
                0x0000000017801c84       0xb0 arch/arm/imx-common/built-in.o
                0x0000000017801c84                init_aips
 .text.imx_set_wdog_powerdown
                0x0000000017801d34       0x80 arch/arm/imx-common/built-in.o
                0x0000000017801d34                imx_set_wdog_powerdown
 .text.init_src
                0x0000000017801db4       0x18 arch/arm/imx-common/built-in.o
                0x0000000017801db4                init_src
 .text.boot_mode_apply
                0x0000000017801dcc       0x24 arch/arm/imx-common/built-in.o
                0x0000000017801dcc                boot_mode_apply
 .text.create_usage
                0x0000000017801df0       0xac arch/arm/imx-common/built-in.o
 .text.do_boot_mode
                0x0000000017801e9c       0xd4 arch/arm/imx-common/built-in.o
 .text.add_board_boot_modes
                0x0000000017801f70       0x60 arch/arm/imx-common/built-in.o
                0x0000000017801f70                add_board_boot_modes
 .text          0x0000000017801fd0       0xa8 arch/arm/lib/built-in.o
                0x0000000017801fd0                _main
 .text.relocate_vectors
                0x0000000017802078       0x70 arch/arm/lib/built-in.o
                0x0000000017802078                relocate_vectors
                0x0000000017802084                relocate_code
 .text.arch_fixup_fdt
                0x00000000178020e8       0x38 arch/arm/lib/built-in.o
                0x00000000178020e8                arch_fixup_fdt
 .text.boot_jump_linux
                0x0000000017802120       0xb8 arch/arm/lib/built-in.o
 .text.arch_lmb_reserve
                0x00000000178021d8       0x24 arch/arm/lib/built-in.o
                0x00000000178021d8                arch_lmb_reserve
 .text.setup_board_tags
                0x00000000178021fc        0x4 arch/arm/lib/built-in.o
                0x00000000178021fc                setup_board_tags
 .text.boot_prep_linux
                0x0000000017802200      0x190 arch/arm/lib/built-in.o
 .text.do_bootm_linux
                0x0000000017802390       0x64 arch/arm/lib/built-in.o
                0x0000000017802390                do_bootm_linux
 .text.bootz_setup
                0x00000000178023f4       0x58 arch/arm/lib/built-in.o
                0x00000000178023f4                bootz_setup
 .text.boot_prep_vxworks
                0x000000001780244c       0x50 arch/arm/lib/built-in.o
                0x000000001780244c                boot_prep_vxworks
 .text.boot_jump_vxworks
                0x000000001780249c        0xc arch/arm/lib/built-in.o
                0x000000001780249c                boot_jump_vxworks
 .text.pl310_background_op_all_ways
                0x00000000178024a8       0x38 arch/arm/lib/built-in.o
 .text.v7_outer_cache_inval_all
                0x00000000178024e0        0xc arch/arm/lib/built-in.o
                0x00000000178024e0                v7_outer_cache_inval_all
 .text.v7_outer_cache_flush_all
                0x00000000178024ec        0xc arch/arm/lib/built-in.o
                0x00000000178024ec                v7_outer_cache_flush_all
 .text.v7_outer_cache_flush_range
                0x00000000178024f8       0x30 arch/arm/lib/built-in.o
                0x00000000178024f8                v7_outer_cache_flush_range
 .text.v7_outer_cache_inval_range
                0x0000000017802528       0x80 arch/arm/lib/built-in.o
                0x0000000017802528                v7_outer_cache_inval_range
 .text.arch_reserve_stacks
                0x00000000178025a8       0x1c arch/arm/lib/built-in.o
                0x00000000178025a8                arch_reserve_stacks
 .text.interrupt_init
                0x00000000178025c4       0x1c arch/arm/lib/built-in.o
                0x00000000178025c4                interrupt_init
 .text.enable_interrupts
                0x00000000178025e0        0x4 arch/arm/lib/built-in.o
                0x00000000178025e0                enable_interrupts
 .text.disable_interrupts
                0x00000000178025e4        0x8 arch/arm/lib/built-in.o
                0x00000000178025e4                disable_interrupts
 .text.bad_mode
                0x00000000178025ec       0x10 arch/arm/lib/built-in.o
                0x00000000178025ec                bad_mode
 .text.show_regs
                0x00000000178025fc      0x174 arch/arm/lib/built-in.o
                0x00000000178025fc                show_regs
 .text.do_undefined_instruction
                0x0000000017802770       0x20 arch/arm/lib/built-in.o
                0x0000000017802770                do_undefined_instruction
 .text.do_software_interrupt
                0x0000000017802790       0x20 arch/arm/lib/built-in.o
                0x0000000017802790                do_software_interrupt
 .text.do_prefetch_abort
                0x00000000178027b0       0x20 arch/arm/lib/built-in.o
                0x00000000178027b0                do_prefetch_abort
 .text.do_data_abort
                0x00000000178027d0       0x20 arch/arm/lib/built-in.o
                0x00000000178027d0                do_data_abort
 .text.do_not_used
                0x00000000178027f0       0x20 arch/arm/lib/built-in.o
                0x00000000178027f0                do_not_used
 .text.do_fiq   0x0000000017802810       0x20 arch/arm/lib/built-in.o
                0x0000000017802810                do_fiq
 .text.do_irq   0x0000000017802830       0x20 arch/arm/lib/built-in.o
                0x0000000017802830                do_irq
 .text.reset_misc
                0x0000000017802850        0x4 arch/arm/lib/built-in.o
                0x0000000017802850                reset_misc
 .text.do_reset
                0x0000000017802854       0x30 arch/arm/lib/built-in.o
                0x0000000017802854                do_reset
 .text.flush_cache
                0x0000000017802884        0x8 arch/arm/lib/built-in.o
                0x0000000017802884                flush_cache
 .text.cp_delay
                0x000000001780288c       0x30 arch/arm/lib/built-in.o
 .text.arm_init_domains
                0x00000000178028bc        0x4 arch/arm/lib/built-in.o
                0x00000000178028bc                arm_init_domains
 .text.set_section_dcache
                0x00000000178028c0       0x14 arch/arm/lib/built-in.o
                0x00000000178028c0                set_section_dcache
 .text.mmu_set_region_dcache_behaviour
                0x00000000178028d4       0x4c arch/arm/lib/built-in.o
                0x00000000178028d4                mmu_set_region_dcache_behaviour
 .text.dram_bank_mmu_setup
                0x0000000017802920       0x44 arch/arm/lib/built-in.o
                0x0000000017802920                dram_bank_mmu_setup
 .text.icache_enable
                0x0000000017802964       0x18 arch/arm/lib/built-in.o
                0x0000000017802964                icache_enable
 .text.icache_disable
                0x000000001780297c       0x20 arch/arm/lib/built-in.o
                0x000000001780297c                icache_disable
 .text.icache_status
                0x000000001780299c        0xc arch/arm/lib/built-in.o
                0x000000001780299c                icache_status
 .text.dcache_enable
                0x00000000178029a8       0x70 arch/arm/lib/built-in.o
                0x00000000178029a8                dcache_enable
 .text.dcache_disable
                0x0000000017802a18       0x2c arch/arm/lib/built-in.o
                0x0000000017802a18                dcache_disable
 .text.dcache_status
                0x0000000017802a44        0xc arch/arm/lib/built-in.o
                0x0000000017802a44                dcache_status
 .text.dram_init
                0x0000000017802a50       0x18 board/fedevel/mx6openrex/built-in.o
                0x0000000017802a50                dram_init
 .text.board_mmc_getcd
                0x0000000017802a68       0x38 board/fedevel/mx6openrex/built-in.o
                0x0000000017802a68                board_mmc_getcd
 .text.board_mmc_init
                0x0000000017802aa0       0x40 board/fedevel/mx6openrex/built-in.o
                0x0000000017802aa0                board_mmc_init
 .text.mx6_rgmii_rework
                0x0000000017802ae0       0xb4 board/fedevel/mx6openrex/built-in.o
                0x0000000017802ae0                mx6_rgmii_rework
 .text.board_phy_config
                0x0000000017802b94       0x2c board/fedevel/mx6openrex/built-in.o
                0x0000000017802b94                board_phy_config
 .text.board_eth_init
                0x0000000017802bc0       0x54 board/fedevel/mx6openrex/built-in.o
                0x0000000017802bc0                board_eth_init
 .text.board_ehci_hcd_init
                0x0000000017802c14       0x28 board/fedevel/mx6openrex/built-in.o
                0x0000000017802c14                board_ehci_hcd_init
 .text.board_ehci_power
                0x0000000017802c3c        0x8 board/fedevel/mx6openrex/built-in.o
                0x0000000017802c3c                board_ehci_power
 .text.board_early_init_f
                0x0000000017802c44       0x1c board/fedevel/mx6openrex/built-in.o
                0x0000000017802c44                board_early_init_f
 .text.board_init
                0x0000000017802c60       0xa4 board/fedevel/mx6openrex/built-in.o
                0x0000000017802c60                board_init
 .text.power_init_board
                0x0000000017802d04        0x8 board/fedevel/mx6openrex/built-in.o
                0x0000000017802d04                power_init_board
 .text.board_spi_cs_gpio
                0x0000000017802d0c       0x14 board/fedevel/mx6openrex/built-in.o
                0x0000000017802d0c                board_spi_cs_gpio
 .text.board_late_init
                0x0000000017802d20       0xbc board/fedevel/mx6openrex/built-in.o
                0x0000000017802d20                board_late_init
 .text.checkboard
                0x0000000017802ddc       0x18 board/fedevel/mx6openrex/built-in.o
                0x0000000017802ddc                checkboard
 .text.show_boot_progress
                0x0000000017802df4        0x4 common/built-in.o
                0x0000000017802df4                show_boot_progress
 .text.main_loop
                0x0000000017802df8       0x20 common/built-in.o
                0x0000000017802df8                main_loop
 .text.dummy    0x0000000017802e18        0x4 common/built-in.o
 .text.get_version
                0x0000000017802e1c        0x8 common/built-in.o
                0x0000000017802e1c                get_version
 .text.jumptable_init
                0x0000000017802e24      0x1e0 common/built-in.o
                0x0000000017802e24                jumptable_init
 .text.hash_finish_crc32
                0x0000000017803004       0x30 common/built-in.o
 .text.hash_update_crc32
                0x0000000017803034       0x24 common/built-in.o
 .text.hash_init_crc32
                0x0000000017803058       0x24 common/built-in.o
 .text.hash_lookup_algo
                0x000000001780307c       0x28 common/built-in.o
                0x000000001780307c                hash_lookup_algo
 .text.hash_command
                0x00000000178030a4       0xb4 common/built-in.o
                0x00000000178030a4                hash_command
 .text.b_reset  0x0000000017803158       0x1c common/built-in.o
 .text.static_get
                0x0000000017803174       0x1c common/built-in.o
 .text.file_peek
                0x0000000017803190        0xc common/built-in.o
 .text.mapset   0x000000001780319c       0x20 common/built-in.o
 .text.syntax_err
                0x00000000178031bc        0xc common/built-in.o
 .text.free_pipe_list
                0x00000000178031c8       0xf4 common/built-in.o
 .text.xmalloc  0x00000000178032bc       0x20 common/built-in.o
 .text.new_pipe
                0x00000000178032dc       0x28 common/built-in.o
 .text.xrealloc
                0x0000000017803304       0x20 common/built-in.o
 .text.done_command
                0x0000000017803324       0x88 common/built-in.o
 .text.done_pipe
                0x00000000178033ac       0x48 common/built-in.o
 .text.done_word
                0x00000000178033f4      0x2d8 common/built-in.o
 .text.do_showvar
                0x00000000178036cc       0xf4 common/built-in.o
 .text.is_assignment
                0x00000000178037c0       0x5c common/built-in.o
 .text.file_get
                0x000000001780381c      0x1ec common/built-in.o
 .text.b_addchr
                0x0000000017803a08       0x80 common/built-in.o
 .text.b_addqchr
                0x0000000017803a88       0x50 common/built-in.o
 .text.static_peek
                0x0000000017803ad8        0xc common/built-in.o
 .text.get_local_var
                0x0000000017803ae4       0xa0 common/built-in.o
                0x0000000017803ae4                get_local_var
 .text.set_local_var
                0x0000000017803b84      0x1ac common/built-in.o
                0x0000000017803b84                set_local_var
 .text.insert_var_value_sub
                0x0000000017803d30      0x2c0 common/built-in.o
 .text.parse_string_outer
                0x0000000017803ff0       0xe4 common/built-in.o
                0x0000000017803ff0                parse_string_outer
 .text.run_list_real
                0x00000000178040d4      0x7b8 common/built-in.o
 .text.parse_stream_outer
                0x000000001780488c      0x6d0 common/built-in.o
 .text.parse_file_outer
                0x0000000017804f5c       0x44 common/built-in.o
                0x0000000017804f5c                parse_file_outer
 .text.u_boot_hush_start
                0x0000000017804fa0       0x54 common/built-in.o
                0x0000000017804fa0                u_boot_hush_start
 .text.bootdelay_process
                0x0000000017804ff4       0x50 common/built-in.o
                0x0000000017804ff4                bootdelay_process
 .text.autoboot_command
                0x0000000017805044       0xd0 common/built-in.o
                0x0000000017805044                autoboot_command
 .text.setup_mon_len
                0x0000000017805114       0x20 common/built-in.o
 .text.reserve_round_4k
                0x0000000017805134       0x18 common/built-in.o
 .text.reserve_mmu
                0x000000001780514c       0x38 common/built-in.o
 .text.reserve_uboot
                0x0000000017805184       0x30 common/built-in.o
 .text.reserve_malloc
                0x00000000178051b4       0x18 common/built-in.o
 .text.setup_machine
                0x00000000178051cc       0x14 common/built-in.o
 .text.reserve_global_data
                0x00000000178051e0       0x1c common/built-in.o
 .text.reserve_fdt
                0x00000000178051fc       0x4c common/built-in.o
 .text.display_new_sp
                0x0000000017805248        0x8 common/built-in.o
 .text.arch_cpu_init_dm
                0x0000000017805250        0x8 common/built-in.o
                0x0000000017805250                arch_cpu_init_dm
 .text.announce_dram_init
                0x0000000017805258       0x18 common/built-in.o
 .text.init_func_i2c
                0x0000000017805270       0x28 common/built-in.o
 .text.init_baud_rate
                0x0000000017805298       0x2c common/built-in.o
 .text.initf_dm
                0x00000000178052c4        0x8 common/built-in.o
 .text.mark_bootstage
                0x00000000178052cc       0x14 common/built-in.o
 .text.setup_reloc
                0x00000000178052e0       0x3c common/built-in.o
 .text.reloc_fdt
                0x000000001780531c       0x44 common/built-in.o
 .text.reserve_board
                0x0000000017805360       0x40 common/built-in.o
 .text.reserve_arch
                0x00000000178053a0        0x8 common/built-in.o
                0x00000000178053a0                reserve_arch
 .text.display_text_info
                0x00000000178053a8        0x8 common/built-in.o
 .text.reserve_trace
                0x00000000178053b0        0x8 common/built-in.o
 .text.coloured_LED_init
                0x00000000178053b8        0x4 common/built-in.o
                0x00000000178053b8                coloured_LED_init
 .text.red_led_on
                0x00000000178053bc        0x4 common/built-in.o
                0x00000000178053bc                red_led_on
 .text.board_add_ram_info
                0x00000000178053c0        0x4 common/built-in.o
                0x00000000178053c0                board_add_ram_info
 .text.show_dram_config
                0x00000000178053c4       0x38 common/built-in.o
 .text.dram_init_banksize
                0x00000000178053fc       0x20 common/built-in.o
                0x00000000178053fc                dram_init_banksize
 .text.setup_dram_config
                0x000000001780541c       0x10 common/built-in.o
 .text.board_get_usable_ram_top
                0x000000001780542c       0x14 common/built-in.o
                0x000000001780542c                board_get_usable_ram_top
 .text.setup_dest_addr
                0x0000000017805440       0x3c common/built-in.o
 .text.reserve_stacks
                0x000000001780547c       0x1c common/built-in.o
 .text.board_init_f
                0x0000000017805498       0x28 common/built-in.o
                0x0000000017805498                board_init_f
 .text.bootstage_relocate
                0x00000000178054c0        0x8 common/built-in.o
 .text.initr_reloc_global_data
                0x00000000178054c8       0x28 common/built-in.o
 .text.initr_announce
                0x00000000178054f0        0x8 common/built-in.o
 .text.run_main_loop
                0x00000000178054f8        0xc common/built-in.o
 .text.initr_net
                0x0000000017805504       0x1c common/built-in.o
 .text.initr_ethaddr
                0x0000000017805520       0x20 common/built-in.o
 .text.initr_enable_interrupts
                0x0000000017805540       0x10 common/built-in.o
 .text.initr_jumptable
                0x0000000017805550       0x10 common/built-in.o
 .text.initr_env
                0x0000000017805560       0x30 common/built-in.o
 .text.initr_mmc
                0x0000000017805590       0x20 common/built-in.o
 .text.initr_serial
                0x00000000178055b0       0x10 common/built-in.o
 .text.initr_dm
                0x00000000178055c0       0x14 common/built-in.o
 .text.initr_malloc
                0x00000000178055d4       0x24 common/built-in.o
 .text.initr_caches
                0x00000000178055f8       0x10 common/built-in.o
 .text.initr_reloc
                0x0000000017805608       0x24 common/built-in.o
 .text.initr_barrier
                0x000000001780562c        0x8 common/built-in.o
 .text.initr_trace
                0x0000000017805634        0x8 common/built-in.o
 .text.cpu_secondary_init_r
                0x000000001780563c        0x4 common/built-in.o
                0x000000001780563c                cpu_secondary_init_r
 .text.initr_secondary_cpu
                0x0000000017805640       0x10 common/built-in.o
 .text.board_init_r
                0x0000000017805650       0x14 common/built-in.o
                0x0000000017805650                board_init_r
 .text.show_board_info
                0x0000000017805664        0x4 common/built-in.o
                0x0000000017805664                show_board_info
 .text.do_go_exec
                0x0000000017805668       0x10 common/built-in.o
                0x0000000017805668                do_go_exec
 .text.do_go    0x0000000017805678       0x6c common/built-in.o
 .text.do_bootm
                0x00000000178056e4      0x10c common/built-in.o
                0x00000000178056e4                do_bootm
 .text.do_bootd
                0x00000000178057f0       0x20 common/built-in.o
                0x00000000178057f0                do_bootd
 .text.image_info
                0x0000000017805810       0xcc common/built-in.o
 .text.do_iminfo
                0x00000000178058dc       0x5c common/built-in.o
 .text.bootm_maybe_autostart
                0x0000000017805938       0x78 common/built-in.o
                0x0000000017805938                bootm_maybe_autostart
 .text.do_bootz
                0x00000000178059b0       0xf8 common/built-in.o
                0x00000000178059b0                do_bootz
 .text.bootm_find_images
                0x0000000017805aa8       0xa8 common/built-in.o
                0x0000000017805aa8                bootm_find_images
 .text.bootm_decomp_image
                0x0000000017805b50      0x14c common/built-in.o
                0x0000000017805b50                bootm_decomp_image
 .text.bootm_disable_interrupts
                0x0000000017805c9c       0x18 common/built-in.o
                0x0000000017805c9c                bootm_disable_interrupts
 .text.do_bootm_states
                0x0000000017805cb4      0x7e4 common/built-in.o
                0x0000000017805cb4                do_bootm_states
 .text.copy_args
                0x0000000017806498       0x50 common/built-in.o
 .text.do_bootm_rtems
                0x00000000178064e8       0x40 common/built-in.o
 .text.do_bootm_plan9
                0x0000000017806528       0xa4 common/built-in.o
 .text.do_bootm_standalone
                0x00000000178065cc       0x64 common/built-in.o
 .text.do_bootm_netbsd
                0x0000000017806630       0xf8 common/built-in.o
 .text.do_bootvx_fdt
                0x0000000017806728      0x10c common/built-in.o
                0x0000000017806728                do_bootvx_fdt
 .text.do_bootm_vxworks
                0x0000000017806834       0x24 common/built-in.o
 .text.boot_selected_os
                0x0000000017806858       0x58 common/built-in.o
                0x0000000017806858                boot_selected_os
 .text.bootm_os_get_boot_func
                0x00000000178068b0       0x10 common/built-in.o
                0x00000000178068b0                bootm_os_get_boot_func
 .text.do_help  0x00000000178068c0       0x44 common/built-in.o
 .text.do_version
                0x0000000017806904       0x38 common/built-in.o
 .text.regex_callback
                0x000000001780693c      0x134 common/built-in.o
 .text.env_attr_walk
                0x0000000017806a70      0x128 common/built-in.o
                0x0000000017806a70                env_attr_walk
 .text.env_attr_lookup
                0x0000000017806b98       0x84 common/built-in.o
                0x0000000017806b98                env_attr_lookup
 .text.clear_callback
                0x0000000017806c1c       0x10 common/built-in.o
 .text.find_env_callback
                0x0000000017806c2c       0x64 common/built-in.o
 .text.on_callbacks
                0x0000000017806c90       0x50 common/built-in.o
 .text.set_callback
                0x0000000017806ce0       0x94 common/built-in.o
 .text.env_callback_init
                0x0000000017806d74       0xc4 common/built-in.o
                0x0000000017806d74                env_callback_init
 .text.skip_num
                0x0000000017806e38       0x78 common/built-in.o
 .text.clear_flags
                0x0000000017806eb0       0x10 common/built-in.o
 .text.on_flags
                0x0000000017806ec0       0x50 common/built-in.o
 .text.env_flags_parse_vartype
                0x0000000017806f10       0x50 common/built-in.o
                0x0000000017806f10                env_flags_parse_vartype
 .text.env_flags_parse_varaccess
                0x0000000017806f60       0x58 common/built-in.o
                0x0000000017806f60                env_flags_parse_varaccess
 .text.set_flags
                0x0000000017806fb8       0xac common/built-in.o
 .text.eth_validate_ethaddr_str
                0x0000000017807064       0x94 common/built-in.o
                0x0000000017807064                eth_validate_ethaddr_str
 .text.env_flags_init
                0x00000000178070f8       0xd8 common/built-in.o
                0x00000000178070f8                env_flags_init
 .text.env_flags_validate
                0x00000000178071d0      0x2b8 common/built-in.o
                0x00000000178071d0                env_flags_validate
 .text.saveenv  0x0000000017807488       0xe0 common/built-in.o
                0x0000000017807488                saveenv
 .text.env_relocate_spec
                0x0000000017807568       0xcc common/built-in.o
                0x0000000017807568                env_relocate_spec
 .text.env_init
                0x0000000017807634       0x1c common/built-in.o
                0x0000000017807634                env_init
 .text.source   0x0000000017807650       0xd8 common/built-in.o
                0x0000000017807650                source
 .text.do_source
                0x0000000017807728       0x44 common/built-in.o
 .text.print_num
                0x000000001780776c       0x14 common/built-in.o
 .text.do_bdinfo
                0x0000000017807780      0x180 common/built-in.o
 .text.parse_argv
                0x0000000017807900       0x64 common/built-in.o
 .text.do_icache
                0x0000000017807964       0x88 common/built-in.o
 .text.do_dcache
                0x00000000178079ec       0x88 common/built-in.o
 .text.do_coninfo
                0x0000000017807a74       0xc0 common/built-in.o
 .text.do_echo  0x0000000017807b34       0xb0 common/built-in.o
 .text.do_exit  0x0000000017807be4       0x3c common/built-in.o
 .text.do_ext4_size
                0x0000000017807c20       0x18 common/built-in.o
                0x0000000017807c20                do_ext4_size
 .text.do_ext4_load
                0x0000000017807c38       0x18 common/built-in.o
                0x0000000017807c38                do_ext4_load
 .text.do_ext4_ls
                0x0000000017807c50       0x18 common/built-in.o
                0x0000000017807c50                do_ext4_ls
 .text.do_ext4_write
                0x0000000017807c68       0x18 common/built-in.o
                0x0000000017807c68                do_ext4_write
 .text.do_ext2load
                0x0000000017807c80       0x18 common/built-in.o
                0x0000000017807c80                do_ext2load
 .text.do_ext2ls
                0x0000000017807c98       0x18 common/built-in.o
 .text.do_fat_size
                0x0000000017807cb0       0x18 common/built-in.o
                0x0000000017807cb0                do_fat_size
 .text.do_fat_fsload
                0x0000000017807cc8       0x18 common/built-in.o
                0x0000000017807cc8                do_fat_fsload
 .text.do_fat_ls
                0x0000000017807ce0       0x18 common/built-in.o
 .text.do_fat_fsinfo
                0x0000000017807cf8       0x90 common/built-in.o
 .text.do_fat_fswrite
                0x0000000017807d88      0x10c common/built-in.o
 .text.fdt_valid
                0x0000000017807e94       0xbc common/built-in.o
 .text.is_printable_string
                0x0000000017807f50       0x9c common/built-in.o
 .text.print_data
                0x0000000017807fec      0x174 common/built-in.o
 .text.set_working_fdt_addr
                0x0000000017808160       0x1c common/built-in.o
                0x0000000017808160                set_working_fdt_addr
 .text.do_fdt   0x000000001780817c      0xe48 common/built-in.o
 .text.fdt_find_and_setprop
                0x0000000017808fc4       0x70 common/built-in.o
                0x0000000017808fc4                fdt_find_and_setprop
 .text.fdt_find_or_add_subnode
                0x0000000017809034       0x60 common/built-in.o
                0x0000000017809034                fdt_find_or_add_subnode
 .text.fdt_root
                0x0000000017809094       0x90 common/built-in.o
                0x0000000017809094                fdt_root
 .text.fdt_initrd
                0x0000000017809124      0x1cc common/built-in.o
                0x0000000017809124                fdt_initrd
 .text.fdt_chosen
                0x00000000178092f0       0xa8 common/built-in.o
                0x00000000178092f0                fdt_chosen
 .text.do_fixup_by_path
                0x0000000017809398       0x54 common/built-in.o
                0x0000000017809398                do_fixup_by_path
 .text.fdt_fixup_memory_banks
                0x00000000178093ec      0x1b0 common/built-in.o
                0x00000000178093ec                fdt_fixup_memory_banks
 .text.fdt_fixup_memory
                0x000000001780959c       0x20 common/built-in.o
                0x000000001780959c                fdt_fixup_memory
 .text.fdt_fixup_ethernet
                0x00000000178095bc      0x15c common/built-in.o
                0x00000000178095bc                fdt_fixup_ethernet
 .text.fdt_shrink_to_minimum
                0x0000000017809718       0xcc common/built-in.o
                0x0000000017809718                fdt_shrink_to_minimum
 .text.do_size_wrapper
                0x00000000178097e4       0x18 common/built-in.o
 .text.do_load_wrapper
                0x00000000178097fc       0x18 common/built-in.o
 .text.do_save_wrapper
                0x0000000017809814       0x18 common/built-in.o
 .text.do_ls_wrapper
                0x000000001780982c       0x18 common/built-in.o
 .text.do_fstype_wrapper
                0x0000000017809844        0x4 common/built-in.o
 .text.strtou32
                0x0000000017809848       0x44 common/built-in.o
 .text.do_fuse  0x000000001780988c      0x360 common/built-in.o
 .text.name_to_gpio
                0x0000000017809bec        0xc common/built-in.o
                0x0000000017809bec                name_to_gpio
 .text.do_gpio  0x0000000017809bf8      0x150 common/built-in.o
 .text.do_i2c   0x0000000017809d48       0x68 common/built-in.o
 .text.do_i2c_reset
                0x0000000017809db0       0x2c common/built-in.o
 .text.do_i2c_probe
                0x0000000017809ddc       0x9c common/built-in.o
 .text.do_i2c_bus_speed
                0x0000000017809e78       0x74 common/built-in.o
 .text.do_i2c_show_bus
                0x0000000017809eec       0xd0 common/built-in.o
 .text.do_i2c_bus_num
                0x0000000017809fbc       0xb4 common/built-in.o
 .text.get_alen.constprop.7
                0x000000001780a070       0x3c common/built-in.o
 .text.do_i2c_crc
                0x000000001780a0ac      0x120 common/built-in.o
 .text.mod_i2c_mem.isra.4
                0x000000001780a1cc      0x1f0 common/built-in.o
 .text.do_i2c_nm
                0x000000001780a3bc        0x8 common/built-in.o
 .text.do_i2c_mm
                0x000000001780a3c4        0x8 common/built-in.o
 .text.do_i2c_md
                0x000000001780a3cc      0x1e4 common/built-in.o
 .text.do_i2c_read
                0x000000001780a5b0       0xbc common/built-in.o
 .text.do_i2c_mw
                0x000000001780a66c       0xfc common/built-in.o
 .text.do_i2c_write
                0x000000001780a768      0x14c common/built-in.o
 .text.do_i2c_loop
                0x000000001780a8b4       0xe4 common/built-in.o
 .text.i2c_init_board
                0x000000001780a998        0x4 common/built-in.o
                0x000000001780a998                i2c_init_board
 .text.evalexp  0x000000001780a99c       0x74 common/built-in.o
 .text.evalstr  0x000000001780aa10       0x6c common/built-in.o
 .text.binary_test
                0x000000001780aa7c      0x1c0 common/built-in.o
 .text.do_itest
                0x000000001780ac3c       0x88 common/built-in.o
 .text.bin_data_init
                0x000000001780acc4       0x2c common/built-in.o
 .text.k_data_save
                0x000000001780acf0       0x4c common/built-in.o
 .text.k_data_restore
                0x000000001780ad3c       0x4c common/built-in.o
 .text.getcxmodem
                0x000000001780ad88       0x20 common/built-in.o
 .text.load_serial_ymodem
                0x000000001780ada8       0xcc common/built-in.o
 .text.bin_data_char
                0x000000001780ae74       0x2c common/built-in.o
 .text.chk1.constprop.1
                0x000000001780aea0       0x2c common/built-in.o
 .text.s1_sendpacket.constprop.2
                0x000000001780aecc       0x50 common/built-in.o
 .text.load_serial
                0x000000001780af1c      0x1f0 common/built-in.o
 .text.do_load_serial
                0x000000001780b10c       0xdc common/built-in.o
 .text.do_load_serial_bin
                0x000000001780b1e8      0x7a4 common/built-in.o
 .text.do_mem_mw
                0x000000001780b98c       0xc0 common/built-in.o
 .text.do_mem_loop
                0x000000001780ba4c       0xec common/built-in.o
 .text.do_mem_md
                0x000000001780bb38       0xe4 common/built-in.o
 .text.do_mem_cmp
                0x000000001780bc1c      0x168 common/built-in.o
 .text.do_mem_base
                0x000000001780bd84       0x40 common/built-in.o
 .text.do_mem_cp
                0x000000001780bdc4       0xd8 common/built-in.o
 .text.do_mem_crc
                0x000000001780be9c       0x48 common/built-in.o
 .text.mod_mem.isra.0
                0x000000001780bee4      0x16c common/built-in.o
 .text.do_mem_mm
                0x000000001780c050        0x8 common/built-in.o
 .text.do_mem_nm
                0x000000001780c058        0x8 common/built-in.o
 .text.miiphy_get_dev_by_name
                0x000000001780c060       0x60 common/built-in.o
                0x000000001780c060                miiphy_get_dev_by_name
 .text.miiphy_init
                0x000000001780c0c0       0x24 common/built-in.o
                0x000000001780c0c0                miiphy_init
 .text.mdio_alloc
                0x000000001780c0e4       0x30 common/built-in.o
                0x000000001780c0e4                mdio_alloc
 .text.mdio_register
                0x000000001780c114       0x98 common/built-in.o
                0x000000001780c114                mdio_register
 .text.mdio_list_devices
                0x000000001780c1ac       0x98 common/built-in.o
                0x000000001780c1ac                mdio_list_devices
 .text.miiphy_set_current_dev
                0x000000001780c244       0x40 common/built-in.o
                0x000000001780c244                miiphy_set_current_dev
 .text.miiphy_get_active_dev
                0x000000001780c284       0x54 common/built-in.o
 .text.mdio_get_current_dev
                0x000000001780c2d8       0x10 common/built-in.o
                0x000000001780c2d8                mdio_get_current_dev
 .text.mdio_phydev_for_ethname
                0x000000001780c2e8       0x88 common/built-in.o
                0x000000001780c2e8                mdio_phydev_for_ethname
 .text.miiphy_get_current_dev
                0x000000001780c370       0x18 common/built-in.o
                0x000000001780c370                miiphy_get_current_dev
 .text.miiphy_read
                0x000000001780c388       0x4c common/built-in.o
                0x000000001780c388                miiphy_read
 .text.miiphy_write
                0x000000001780c3d4       0x40 common/built-in.o
                0x000000001780c3d4                miiphy_write
 .text.miiphy_listdev
                0x000000001780c414       0x74 common/built-in.o
                0x000000001780c414                miiphy_listdev
 .text.miiphy_info
                0x000000001780c488       0x88 common/built-in.o
                0x000000001780c488                miiphy_info
 .text.miiphy_speed
                0x000000001780c510       0x94 common/built-in.o
                0x000000001780c510                miiphy_speed
 .text.miiphy_duplex
                0x000000001780c5a4       0x94 common/built-in.o
                0x000000001780c5a4                miiphy_duplex
 .text.miiphy_is_1000base_x
                0x000000001780c638        0x8 common/built-in.o
                0x000000001780c638                miiphy_is_1000base_x
 .text.extract_range
                0x000000001780c640       0xe4 common/built-in.o
 .text.do_mii   0x000000001780c724      0x8d4 common/built-in.o
 .text.do_mdio  0x000000001780cff8      0x4ec common/built-in.o
 .text.do_sleep
                0x000000001780d4e4       0x70 common/built-in.o
 .text.do_mmcops
                0x000000001780d554       0xb8 common/built-in.o
 .text.init_mmc_device
                0x000000001780d60c       0x54 common/built-in.o
 .text.do_mmc_rescan
                0x000000001780d660       0x24 common/built-in.o
 .text.do_mmc_hwpartition
                0x000000001780d684      0x510 common/built-in.o
 .text.do_mmc_list
                0x000000001780db94       0x14 common/built-in.o
 .text.do_mmc_dev
                0x000000001780dba8      0x134 common/built-in.o
 .text.do_mmc_part
                0x000000001780dcdc       0x5c common/built-in.o
 .text.do_mmc_erase
                0x000000001780dd38       0xe8 common/built-in.o
 .text.do_mmc_write
                0x000000001780de20      0x100 common/built-in.o
 .text.do_mmc_read
                0x000000001780df20       0xec common/built-in.o
 .text.do_mmcinfo
                0x000000001780e00c      0x370 common/built-in.o
 .text.do_mmc_setdsr
                0x000000001780e37c       0xb0 common/built-in.o
 .text.cpu_cmd  0x000000001780e42c      0x160 common/built-in.o
 .text.netboot_common
                0x000000001780e58c      0x294 common/built-in.o
 .text.do_bootp
                0x000000001780e820        0xc common/built-in.o
 .text.do_dhcp  0x000000001780e82c        0xc common/built-in.o
 .text.do_nfs   0x000000001780e838        0xc common/built-in.o
 .text.do_tftpb
                0x000000001780e844       0x40 common/built-in.o
                0x000000001780e844                do_tftpb
 .text.do_ping  0x000000001780e884       0x78 common/built-in.o
 .text.bytes_per_second
                0x000000001780e8fc       0x50 common/built-in.o
 .text.do_spi_flash
                0x000000001780e94c      0x864 common/built-in.o
 .text.substitute
                0x000000001780f1b0       0xf0 common/built-in.o
 .text.get_arg  0x000000001780f2a0       0x58 common/built-in.o
 .text.regex_sub
                0x000000001780f2f8      0x450 common/built-in.o
 .text.do_setexpr
                0x000000001780f748      0x1a0 common/built-in.o
 .text.do_false
                0x000000001780f8e8        0x8 common/built-in.o
 .text.do_true  0x000000001780f8f0        0x8 common/built-in.o
 .text.do_test  0x000000001780f8f8      0x338 common/built-in.o
 .text.usb_get_class_desc
                0x000000001780fc30       0xbc common/built-in.o
 .text.usb_display_class_sub
                0x000000001780fcec      0x170 common/built-in.o
 .text.usb_find_device
                0x000000001780fe5c       0x3c common/built-in.o
 .text.usb_show_tree_graph
                0x000000001780fe98      0x228 common/built-in.o
 .text.usb_display_string
                0x00000000178100c0       0x44 common/built-in.o
 .text.usb_display_config
                0x0000000017810104      0x20c common/built-in.o
 .text.do_usbboot
                0x0000000017810310        0xc common/built-in.o
 .text.do_usb_start
                0x000000001781031c       0x38 common/built-in.o
 .text.usb_display_desc.part.2
                0x0000000017810354      0x12c common/built-in.o
 .text.do_usb   0x0000000017810480      0x78c common/built-in.o
 .text.usb_set_maxpacket_ep
                0x0000000017810c0c       0x70 common/built-in.o
 .text.usb_stop
                0x0000000017810c7c       0x80 common/built-in.o
                0x0000000017810c7c                usb_stop
 .text.usb_disable_asynch
                0x0000000017810cfc       0x20 common/built-in.o
                0x0000000017810cfc                usb_disable_asynch
 .text.usb_control_msg
                0x0000000017810d1c       0xc0 common/built-in.o
                0x0000000017810d1c                usb_control_msg
 .text.usb_get_descriptor
                0x0000000017810ddc       0x58 common/built-in.o
 .text.get_descriptor_len
                0x0000000017810e34       0x90 common/built-in.o
 .text.usb_get_string
                0x0000000017810ec4       0x70 common/built-in.o
 .text.usb_string_sub
                0x0000000017810f34      0x108 common/built-in.o
 .text.usb_bulk_msg
                0x000000001781103c       0x70 common/built-in.o
                0x000000001781103c                usb_bulk_msg
 .text.usb_maxpacket
                0x00000000178110ac       0x1c common/built-in.o
                0x00000000178110ac                usb_maxpacket
 .text.usb_clear_halt
                0x00000000178110c8       0x90 common/built-in.o
                0x00000000178110c8                usb_clear_halt
 .text.usb_get_configuration_no
                0x0000000017811158       0xbc common/built-in.o
                0x0000000017811158                usb_get_configuration_no
 .text.usb_set_interface
                0x0000000017811214       0xb4 common/built-in.o
                0x0000000017811214                usb_set_interface
 .text.usb_string
                0x00000000178112c8      0x100 common/built-in.o
                0x00000000178112c8                usb_string
 .text.usb_get_dev_index
                0x00000000178113c8       0x24 common/built-in.o
                0x00000000178113c8                usb_get_dev_index
 .text.usb_alloc_new_device
                0x00000000178113ec       0x9c common/built-in.o
                0x00000000178113ec                usb_alloc_new_device
 .text.usb_free_device
                0x0000000017811488       0x48 common/built-in.o
                0x0000000017811488                usb_free_device
 .text.usb_alloc_device
                0x00000000178114d0        0x8 common/built-in.o
                0x00000000178114d0                usb_alloc_device
 .text.usb_select_config
                0x00000000178114d8      0x418 common/built-in.o
                0x00000000178114d8                usb_select_config
 .text.usb_setup_device
                0x00000000178118f0      0x19c common/built-in.o
                0x00000000178118f0                usb_setup_device
 .text.usb_new_device
                0x0000000017811a8c       0x34 common/built-in.o
                0x0000000017811a8c                usb_new_device
 .text.usb_init
                0x0000000017811ac0      0x168 common/built-in.o
                0x0000000017811ac0                usb_init
 .text.board_usb_init
                0x0000000017811c28        0x8 common/built-in.o
                0x0000000017811c28                board_usb_init
 .text.board_usb_cleanup
                0x0000000017811c30        0x8 common/built-in.o
                0x0000000017811c30                board_usb_cleanup
 .text.usb_device_has_child_on_port
                0x0000000017811c38       0x14 common/built-in.o
                0x0000000017811c38                usb_device_has_child_on_port
 .text.usb_set_port_feature
                0x0000000017811c4c       0x4c common/built-in.o
 .text.usb_clear_port_feature
                0x0000000017811c98       0x4c common/built-in.o
 .text.usb_get_hub_descriptor
                0x0000000017811ce4       0x4c common/built-in.o
 .text.usb_hub_power_on
                0x0000000017811d30       0x6c common/built-in.o
 .text.usb_hub_reset_devices
                0x0000000017811d9c        0x4 common/built-in.o
                0x0000000017811d9c                usb_hub_reset_devices
 .text.usb_get_port_status
                0x0000000017811da0       0x4c common/built-in.o
                0x0000000017811da0                usb_get_port_status
 .text.usb_hub_reset
                0x0000000017811dec       0x14 common/built-in.o
                0x0000000017811dec                usb_hub_reset
 .text.legacy_hub_port_reset
                0x0000000017811e00       0xa0 common/built-in.o
                0x0000000017811e00                legacy_hub_port_reset
 .text.usb_hub_port_connect_change
                0x0000000017811ea0      0x16c common/built-in.o
                0x0000000017811ea0                usb_hub_port_connect_change
 .text.usb_hub_configure
                0x000000001781200c      0x2c8 common/built-in.o
 .text.usb_hub_probe
                0x00000000178122d4       0x58 common/built-in.o
                0x00000000178122d4                usb_hub_probe
 .text.usb_stor_irq
                0x000000001781232c       0x1c common/built-in.o
 .text.usb_stor_BBB_reset
                0x0000000017812348       0xd0 common/built-in.o
 .text.usb_stor_CB_reset
                0x0000000017812418       0xd0 common/built-in.o
 .text.usb_stor_BBB_clear_endpt_stall.isra.2
                0x00000000178124e8       0x40 common/built-in.o
 .text.usb_stor_BBB_transport
                0x0000000017812528      0x25c common/built-in.o
 .text.usb_stor_CB_comdat
                0x0000000017812784      0x204 common/built-in.o
 .text.usb_stor_CBI_get_status.isra.4
                0x0000000017812988       0xc8 common/built-in.o
 .text.usb_stor_CB_transport
                0x0000000017812a50      0x228 common/built-in.o
 .text.usb_request_sense.constprop.10
                0x0000000017812c78       0x70 common/built-in.o
 .text.usb_stor_write
                0x0000000017812ce8      0x188 common/built-in.o
                0x0000000017812ce8                usb_stor_write
 .text.usb_stor_read
                0x0000000017812e70      0x188 common/built-in.o
                0x0000000017812e70                usb_stor_read
 .text.usb_stor_get_dev
                0x0000000017812ff8       0x28 common/built-in.o
                0x0000000017812ff8                usb_stor_get_dev
 .text.usb_stor_info
                0x0000000017813020       0x74 common/built-in.o
                0x0000000017813020                usb_stor_info
 .text.usb_storage_probe
                0x0000000017813094      0x204 common/built-in.o
                0x0000000017813094                usb_storage_probe
 .text.usb_stor_get_info
                0x0000000017813298      0x31c common/built-in.o
                0x0000000017813298                usb_stor_get_info
 .text.usb_stor_scan
                0x00000000178135b4      0x1f8 common/built-in.o
                0x00000000178135b4                usb_stor_scan
 .text.do_fastboot
                0x00000000178137ac       0xd8 common/built-in.o
 .text.ums_read_sector
                0x0000000017813884       0x24 common/built-in.o
 .text.ums_write_sector
                0x00000000178138a8       0x24 common/built-in.o
 .text.ums_init
                0x00000000178138cc       0x60 common/built-in.o
                0x00000000178138cc                ums_init
 .text.do_usb_mass_storage
                0x000000001781392c      0x1a8 common/built-in.o
                0x000000001781392c                do_usb_mass_storage
 .text.do_imgextract
                0x0000000017813ad4      0x28c common/built-in.o
 .text.do_dfu   0x0000000017813d60      0x118 common/built-in.o
 .text.do_env_delete
                0x0000000017813e78       0x9c common/built-in.o
 .text.do_env_exists
                0x0000000017813f14       0x64 common/built-in.o
 .text.do_env_save
                0x0000000017813f78       0x2c common/built-in.o
 .text.do_env   0x0000000017813fa4       0x68 common/built-in.o
 .text.env_print
                0x000000001781400c       0xc0 common/built-in.o
 .text.do_env_print
                0x00000000178140cc       0xc4 common/built-in.o
 .text.do_env_import
                0x0000000017814190      0x284 common/built-in.o
 .text.do_env_default
                0x0000000017814414       0xa8 common/built-in.o
 .text._do_env_set.isra.0
                0x00000000178144bc      0x1bc common/built-in.o
 .text.do_env_set
                0x0000000017814678       0x20 common/built-in.o
 .text.get_env_id
                0x0000000017814698       0x10 common/built-in.o
                0x0000000017814698                get_env_id
 .text.setenv   0x00000000178146a8       0x60 common/built-in.o
                0x00000000178146a8                setenv
 .text.setenv_ulong
                0x0000000017814708       0x20 common/built-in.o
                0x0000000017814708                setenv_ulong
 .text.setenv_hex
                0x0000000017814728       0x34 common/built-in.o
                0x0000000017814728                setenv_hex
 .text.do_env_export
                0x000000001781475c      0x258 common/built-in.o
 .text.envmatch
                0x00000000178149b4       0x6c common/built-in.o
                0x00000000178149b4                envmatch
 .text.getenv_f
                0x0000000017814a20       0xc0 common/built-in.o
                0x0000000017814a20                getenv_f
 .text.getenv   0x0000000017814ae0       0x78 common/built-in.o
                0x0000000017814ae0                getenv
 .text.getenv_hex
                0x0000000017814b58       0x3c common/built-in.o
                0x0000000017814b58                getenv_hex
 .text.getenv_ulong
                0x0000000017814b94       0x30 common/built-in.o
                0x0000000017814b94                getenv_ulong
 .text.do_env_edit.part.2
                0x0000000017814bc4       0xa0 common/built-in.o
 .text.do_env_edit
                0x0000000017814c64       0x2c common/built-in.o
 .text.env_get_char_spec
                0x0000000017814c90        0xc common/built-in.o
                0x0000000017814c90                env_get_char_spec
 .text.env_get_addr
                0x0000000017814c9c       0x20 common/built-in.o
                0x0000000017814c9c                env_get_addr
 .text.env_get_char_memory
                0x0000000017814cbc       0x10 common/built-in.o
                0x0000000017814cbc                env_get_char_memory
 .text.env_get_char
                0x0000000017814ccc       0x30 common/built-in.o
                0x0000000017814ccc                env_get_char
 .text.getenv_yesno
                0x0000000017814cfc       0x40 common/built-in.o
                0x0000000017814cfc                getenv_yesno
 .text.getenv_default
                0x0000000017814d3c       0x30 common/built-in.o
                0x0000000017814d3c                getenv_default
 .text.set_default_env
                0x0000000017814d6c       0xc0 common/built-in.o
                0x0000000017814d6c                set_default_env
 .text.set_default_vars
                0x0000000017814e2c       0x38 common/built-in.o
                0x0000000017814e2c                set_default_vars
 .text.env_import
                0x0000000017814e64       0xdc common/built-in.o
                0x0000000017814e64                env_import
 .text.env_export
                0x0000000017814f40       0xa0 common/built-in.o
                0x0000000017814f40                env_export
 .text.env_relocate
                0x0000000017814fe0       0x2c common/built-in.o
                0x0000000017814fe0                env_relocate
 .text.env_complete
                0x000000001781500c       0xf0 common/built-in.o
                0x000000001781500c                env_complete
 .text.console_setfile
                0x00000000178150fc       0xc0 common/built-in.o
 .text.putc     0x00000000178151bc       0x34 common/built-in.o
                0x00000000178151bc                putc
 .text.puts     0x00000000178151f0       0x34 common/built-in.o
                0x00000000178151f0                puts
 .text.printf   0x0000000017815224       0x40 common/built-in.o
                0x0000000017815224                printf
 .text.fgetc    0x0000000017815264       0x24 common/built-in.o
                0x0000000017815264                fgetc
 .text.getc     0x0000000017815288       0x24 common/built-in.o
                0x0000000017815288                getc
 .text.ftstc    0x00000000178152ac       0x24 common/built-in.o
                0x00000000178152ac                ftstc
 .text.tstc     0x00000000178152d0       0x24 common/built-in.o
                0x00000000178152d0                tstc
 .text.vprintf  0x00000000178152f4       0x30 common/built-in.o
                0x00000000178152f4                vprintf
 .text.ctrlc    0x0000000017815324       0x58 common/built-in.o
                0x0000000017815324                ctrlc
 .text.confirm_yesno
                0x000000001781537c       0xd4 common/built-in.o
                0x000000001781537c                confirm_yesno
 .text.had_ctrlc
                0x0000000017815450       0x10 common/built-in.o
                0x0000000017815450                had_ctrlc
 .text.clear_ctrlc
                0x0000000017815460       0x14 common/built-in.o
                0x0000000017815460                clear_ctrlc
 .text.search_device
                0x0000000017815474       0x28 common/built-in.o
                0x0000000017815474                search_device
 .text.console_assign
                0x000000001781549c       0x48 common/built-in.o
                0x000000001781549c                console_assign
 .text.on_console
                0x00000000178154e4       0xb8 common/built-in.o
 .text.console_init_f
                0x000000001781559c       0x10 common/built-in.o
                0x000000001781559c                console_init_f
 .text.stdio_print_current_devices
                0x00000000178155ac       0xb0 common/built-in.o
                0x00000000178155ac                stdio_print_current_devices
 .text.console_init_r
                0x000000001781565c       0xd8 common/built-in.o
                0x000000001781565c                console_init_r
 .text.sbrk     0x0000000017815734       0x6c common/built-in.o
                0x0000000017815734                sbrk
 .text.mem_malloc_init
                0x00000000178157a0       0x34 common/built-in.o
                0x00000000178157a0                mem_malloc_init
 .text.malloc_trim
                0x00000000178157d4       0xcc common/built-in.o
                0x00000000178157d4                malloc_trim
 .text.free     0x00000000178158a0      0x24c common/built-in.o
                0x00000000178158a0                free
 .text.malloc   0x0000000017815aec      0x638 common/built-in.o
                0x0000000017815aec                malloc
 .text.calloc   0x0000000017816124      0x144 common/built-in.o
                0x0000000017816124                calloc
 .text.realloc  0x0000000017816268      0x4e0 common/built-in.o
                0x0000000017816268                realloc
 .text.memalign
                0x0000000017816748      0x10c common/built-in.o
                0x0000000017816748                memalign
 .text.initf_malloc
                0x0000000017816854       0x18 common/built-in.o
                0x0000000017816854                initf_malloc
 .text.malloc_simple
                0x000000001781686c       0x30 common/built-in.o
                0x000000001781686c                malloc_simple
 .text.on_loadaddr
                0x000000001781689c       0x38 common/built-in.o
 .text.image_check_hcrc
                0x00000000178168d4       0x4c common/built-in.o
                0x00000000178168d4                image_check_hcrc
 .text.image_check_dcrc
                0x0000000017816920       0x38 common/built-in.o
                0x0000000017816920                image_check_dcrc
 .text.image_multi_count
                0x0000000017816958       0x1c common/built-in.o
                0x0000000017816958                image_multi_count
 .text.image_multi_getimg
                0x0000000017816974       0x80 common/built-in.o
                0x0000000017816974                image_multi_getimg
 .text.getenv_bootm_low
                0x00000000178169f4       0x30 common/built-in.o
                0x00000000178169f4                getenv_bootm_low
 .text.getenv_bootm_size
                0x0000000017816a24       0x5c common/built-in.o
                0x0000000017816a24                getenv_bootm_size
 .text.getenv_bootm_mapsize
                0x0000000017816a80       0x30 common/built-in.o
                0x0000000017816a80                getenv_bootm_mapsize
 .text.memmove_wd
                0x0000000017816ab0        0xc common/built-in.o
                0x0000000017816ab0                memmove_wd
 .text.genimg_print_size
                0x0000000017816abc       0x30 common/built-in.o
                0x0000000017816abc                genimg_print_size
 .text.get_table_entry
                0x0000000017816aec       0x24 common/built-in.o
                0x0000000017816aec                get_table_entry
 .text.get_table_entry_name
                0x0000000017816b10       0x20 common/built-in.o
                0x0000000017816b10                get_table_entry_name
 .text.genimg_get_os_name
                0x0000000017816b30       0x18 common/built-in.o
                0x0000000017816b30                genimg_get_os_name
 .text.genimg_get_arch_name
                0x0000000017816b48       0x18 common/built-in.o
                0x0000000017816b48                genimg_get_arch_name
 .text.genimg_get_type_name
                0x0000000017816b60       0x18 common/built-in.o
                0x0000000017816b60                genimg_get_type_name
 .text.genimg_get_comp_name
                0x0000000017816b78       0x18 common/built-in.o
                0x0000000017816b78                genimg_get_comp_name
 .text.image_print_contents
                0x0000000017816b90      0x178 common/built-in.o
                0x0000000017816b90                image_print_contents
 .text.genimg_get_kernel_addr_fit
                0x0000000017816d08       0x24 common/built-in.o
                0x0000000017816d08                genimg_get_kernel_addr_fit
 .text.genimg_get_format
                0x0000000017816d2c       0x50 common/built-in.o
                0x0000000017816d2c                genimg_get_format
 .text.genimg_get_image
                0x0000000017816d7c        0x4 common/built-in.o
                0x0000000017816d7c                genimg_get_image
 .text.genimg_has_config
                0x0000000017816d80        0x8 common/built-in.o
                0x0000000017816d80                genimg_has_config
 .text.boot_get_ramdisk
                0x0000000017816d88      0x2a8 common/built-in.o
                0x0000000017816d88                boot_get_ramdisk
 .text.boot_ramdisk_high
                0x0000000017817030      0x13c common/built-in.o
                0x0000000017817030                boot_ramdisk_high
 .text.boot_get_setup
                0x000000001781716c        0x8 common/built-in.o
                0x000000001781716c                boot_get_setup
 .text.image_setup_linux
                0x0000000017817174       0x8c common/built-in.o
                0x0000000017817174                image_setup_linux
 .text.android_image_get_kernel
                0x0000000017817200      0x164 common/built-in.o
                0x0000000017817200                android_image_get_kernel
 .text.android_image_check_header
                0x0000000017817364       0x14 common/built-in.o
                0x0000000017817364                android_image_check_header
 .text.android_image_get_end
                0x0000000017817378       0x4c common/built-in.o
                0x0000000017817378                android_image_get_end
 .text.android_image_get_kload
                0x00000000178173c4       0x20 common/built-in.o
                0x00000000178173c4                android_image_get_kload
 .text.android_image_get_ramdisk
                0x00000000178173e4       0x7c common/built-in.o
                0x00000000178173e4                android_image_get_ramdisk
 .text.fdt_error
                0x0000000017817460       0x2c common/built-in.o
 .text.boot_fdt_add_mem_rsv_regions
                0x000000001781748c       0x88 common/built-in.o
                0x000000001781748c                boot_fdt_add_mem_rsv_regions
 .text.boot_relocate_fdt
                0x0000000017817514      0x198 common/built-in.o
                0x0000000017817514                boot_relocate_fdt
 .text.boot_get_fdt
                0x00000000178176ac      0x2ac common/built-in.o
                0x00000000178176ac                boot_get_fdt
 .text.ft_verify_fdt
                0x0000000017817958        0x8 common/built-in.o
                0x0000000017817958                ft_verify_fdt
 .text.image_setup_libfdt
                0x0000000017817960      0x100 common/built-in.o
                0x0000000017817960                image_setup_libfdt
 .text.get_effective_memsize
                0x0000000017817a60        0x8 common/built-in.o
                0x0000000017817a60                get_effective_memsize
 .text.stdio_serial_tstc
                0x0000000017817a68        0x4 common/built-in.o
 .text.stdio_serial_getc
                0x0000000017817a6c        0x4 common/built-in.o
 .text.stdio_serial_puts
                0x0000000017817a70        0x8 common/built-in.o
 .text.stdio_serial_putc
                0x0000000017817a78        0x8 common/built-in.o
 .text.stdio_get_list
                0x0000000017817a80        0xc common/built-in.o
                0x0000000017817a80                stdio_get_list
 .text.stdio_get_by_name
                0x0000000017817a8c       0x5c common/built-in.o
                0x0000000017817a8c                stdio_get_by_name
 .text.stdio_clone
                0x0000000017817ae8       0x38 common/built-in.o
                0x0000000017817ae8                stdio_clone
 .text.stdio_register_dev
                0x0000000017817b20       0x50 common/built-in.o
                0x0000000017817b20                stdio_register_dev
 .text.stdio_register
                0x0000000017817b70        0x8 common/built-in.o
                0x0000000017817b70                stdio_register
 .text.stdio_init_tables
                0x0000000017817b78       0x1c common/built-in.o
                0x0000000017817b78                stdio_init_tables
 .text.stdio_add_devices
                0x0000000017817b94       0x7c common/built-in.o
                0x0000000017817b94                stdio_add_devices
 .text.run_command
                0x0000000017817c10       0x10 common/built-in.o
                0x0000000017817c10                run_command
 .text.run_command_list
                0x0000000017817c20       0x5c common/built-in.o
                0x0000000017817c20                run_command_list
 .text.do_run   0x0000000017817c7c       0x78 common/built-in.o
                0x0000000017817c7c                do_run
 .text.cli_loop
                0x0000000017817cf4        0xc common/built-in.o
                0x0000000017817cf4                cli_loop
 .text.cli_init
                0x0000000017817d00        0x4 common/built-in.o
                0x0000000017817d00                cli_init
 .text.delete_char.part.0
                0x0000000017817d04       0xd0 common/built-in.o
 .text.cread_add_char
                0x0000000017817dd4       0xe8 common/built-in.o
 .text.cli_readline_into_buffer
                0x0000000017817ebc      0x9c0 common/built-in.o
                0x0000000017817ebc                cli_readline_into_buffer
 .text.cli_readline
                0x000000001781887c       0x14 common/built-in.o
                0x000000001781887c                cli_readline
 .text.find_cmd_tbl
                0x0000000017818890       0xa4 common/built-in.o
                0x0000000017818890                find_cmd_tbl
 .text.find_cmd
                0x0000000017818934       0x28 common/built-in.o
                0x0000000017818934                find_cmd
 .text.cmd_usage
                0x000000001781895c       0x5c common/built-in.o
                0x000000001781895c                cmd_usage
 .text._do_help
                0x00000000178189b8      0x178 common/built-in.o
                0x00000000178189b8                _do_help
 .text.var_complete
                0x0000000017818b30       0x84 common/built-in.o
                0x0000000017818b30                var_complete
 .text.cmd_auto_complete
                0x0000000017818bb4      0x4b4 common/built-in.o
                0x0000000017818bb4                cmd_auto_complete
 .text.cmd_get_data_size
                0x0000000017819068       0x5c common/built-in.o
                0x0000000017819068                cmd_get_data_size
 .text.cmd_process
                0x00000000178190c4       0xec common/built-in.o
                0x00000000178190c4                cmd_process
 .text.cmd_process_error
                0x00000000178191b0       0x30 common/built-in.o
                0x00000000178191b0                cmd_process_error
 .text.hex1_bin
                0x00000000178191e0       0x40 common/built-in.o
 .text.hex2_bin
                0x0000000017819220       0x38 common/built-in.o
 .text.srec_decode
                0x0000000017819258      0x254 common/built-in.o
                0x0000000017819258                srec_decode
 .text.CYGACC_COMM_IF_GETC_TIMEOUT.isra.0
                0x00000000178194ac       0x5c common/built-in.o
 .text.xyzModem_flush
                0x0000000017819508       0x1c common/built-in.o
 .text.xyzModem_get_hdr
                0x0000000017819524      0x230 common/built-in.o
 .text.xyzModem_stream_open
                0x0000000017819754      0x224 common/built-in.o
                0x0000000017819754                xyzModem_stream_open
 .text.xyzModem_stream_read
                0x0000000017819978      0x254 common/built-in.o
                0x0000000017819978                xyzModem_stream_read
 .text.xyzModem_stream_close
                0x0000000017819bcc       0x54 common/built-in.o
                0x0000000017819bcc                xyzModem_stream_close
 .text.xyzModem_stream_terminate
                0x0000000017819c20       0x94 common/built-in.o
                0x0000000017819c20                xyzModem_stream_terminate
 .text.xyzModem_error
                0x0000000017819cb4       0x20 common/built-in.o
                0x0000000017819cb4                xyzModem_error
 .text.common_diskboot
                0x0000000017819cd4      0x23c common/built-in.o
                0x0000000017819cd4                common_diskboot
 .text.get_dev_hwpart
                0x0000000017819f10       0xa8 disk/built-in.o
 .text.dev_print
                0x0000000017819fb8      0x20c disk/built-in.o
                0x0000000017819fb8                dev_print
 .text.init_part
                0x000000001781a1c4       0x20 disk/built-in.o
                0x000000001781a1c4                init_part
 .text.print_part
                0x000000001781a1e4       0xf4 disk/built-in.o
                0x000000001781a1e4                print_part
 .text.get_partition_info
                0x000000001781a2d8       0x2c disk/built-in.o
                0x000000001781a2d8                get_partition_info
 .text.get_device
                0x000000001781a304      0x114 disk/built-in.o
                0x000000001781a304                get_device
 .text.get_device_and_partition
                0x000000001781a418      0x440 disk/built-in.o
                0x000000001781a418                get_device_and_partition
 .text.test_block_type
                0x000000001781a858       0x84 disk/built-in.o
 .text.print_partition_extended
                0x000000001781a8dc      0x278 disk/built-in.o
 .text.get_partition_info_extended.constprop.1
                0x000000001781ab54      0x300 disk/built-in.o
 .text.test_part_dos
                0x000000001781ae54       0x64 disk/built-in.o
                0x000000001781ae54                test_part_dos
 .text.print_part_dos
                0x000000001781aeb8       0x34 disk/built-in.o
                0x000000001781aeb8                print_part_dos
 .text.get_partition_info_dos
                0x000000001781aeec       0x20 disk/built-in.o
                0x000000001781aeec                get_partition_info_dos
 .text.alloc_priv
                0x000000001781af0c       0x48 drivers/built-in.o
 .text.device_bind
                0x000000001781af54      0x2d8 drivers/built-in.o
                0x000000001781af54                device_bind
 .text.device_bind_by_name
                0x000000001781b22c       0x60 drivers/built-in.o
                0x000000001781b22c                device_bind_by_name
 .text.device_probe
                0x000000001781b28c        0x8 drivers/built-in.o
                0x000000001781b28c                device_probe
 .text.device_probe_child
                0x000000001781b294      0x250 drivers/built-in.o
                0x000000001781b294                device_probe_child
 .text.dev_get_platdata
                0x000000001781b4e4       0x34 drivers/built-in.o
                0x000000001781b4e4                dev_get_platdata
 .text.dev_get_priv
                0x000000001781b518       0x34 drivers/built-in.o
                0x000000001781b518                dev_get_priv
 .text.lists_driver_lookup_name
                0x000000001781b54c       0x4c drivers/built-in.o
                0x000000001781b54c                lists_driver_lookup_name
 .text.lists_uclass_lookup
                0x000000001781b598       0x3c drivers/built-in.o
                0x000000001781b598                lists_uclass_lookup
 .text.lists_bind_drivers
                0x000000001781b5d4       0x88 drivers/built-in.o
                0x000000001781b5d4                lists_bind_drivers
 .text.dm_root  0x000000001781b65c       0x2c drivers/built-in.o
                0x000000001781b65c                dm_root
 .text.dm_init  0x000000001781b688       0x58 drivers/built-in.o
                0x000000001781b688                dm_init
 .text.dm_scan_platdata
                0x000000001781b6e0       0x2c drivers/built-in.o
                0x000000001781b6e0                dm_scan_platdata
 .text.dm_scan_other
                0x000000001781b70c        0x8 drivers/built-in.o
                0x000000001781b70c                dm_scan_other
 .text.dm_init_and_scan
                0x000000001781b714       0x30 drivers/built-in.o
                0x000000001781b714                dm_init_and_scan
 .text.uclass_find
                0x000000001781b744       0x4c drivers/built-in.o
                0x000000001781b744                uclass_find
 .text.uclass_get
                0x000000001781b790      0x124 drivers/built-in.o
                0x000000001781b790                uclass_get
 .text.uclass_find_device
                0x000000001781b8b4       0x74 drivers/built-in.o
                0x000000001781b8b4                uclass_find_device
 .text.uclass_find_device_by_seq
                0x000000001781b928       0x7c drivers/built-in.o
                0x000000001781b928                uclass_find_device_by_seq
 .text.uclass_get_device_tail
                0x000000001781b9a4       0x2c drivers/built-in.o
                0x000000001781b9a4                uclass_get_device_tail
 .text.uclass_get_device
                0x000000001781b9d0       0x30 drivers/built-in.o
                0x000000001781b9d0                uclass_get_device
 .text.uclass_bind_device
                0x000000001781ba00       0xa4 drivers/built-in.o
                0x000000001781ba00                uclass_bind_device
 .text.uclass_unbind_device
                0x000000001781baa4       0x4c drivers/built-in.o
                0x000000001781baa4                uclass_unbind_device
 .text.uclass_resolve_seq
                0x000000001781baf0       0xb0 drivers/built-in.o
                0x000000001781baf0                uclass_resolve_seq
 .text.uclass_pre_probe_device
                0x000000001781bba0       0x64 drivers/built-in.o
                0x000000001781bba0                uclass_pre_probe_device
 .text.uclass_post_probe_device
                0x000000001781bc04       0x20 drivers/built-in.o
                0x000000001781bc04                uclass_post_probe_device
 .text.uclass_pre_remove_device
                0x000000001781bc24       0x5c drivers/built-in.o
                0x000000001781bc24                uclass_pre_remove_device
 .text.dm_warn  0x000000001781bc80       0x28 drivers/built-in.o
                0x000000001781bc80                dm_warn
 .text.device_free
                0x000000001781bca8       0x90 drivers/built-in.o
                0x000000001781bca8                device_free
 .text.device_remove
                0x000000001781bd38      0x114 drivers/built-in.o
                0x000000001781bd38                device_remove
 .text.device_remove_children
                0x000000001781be4c       0x48 drivers/built-in.o
                0x000000001781be4c                device_remove_children
 .text.show_devices
                0x000000001781be94       0xfc drivers/built-in.o
 .text.dm_dump_all
                0x000000001781bf90       0x3c drivers/built-in.o
                0x000000001781bf90                dm_dump_all
 .text.dm_dump_uclass
                0x000000001781bfcc       0xdc drivers/built-in.o
                0x000000001781bfcc                dm_dump_uclass
 .text.finish_access
                0x000000001781c0a8       0x2c drivers/built-in.o
 .text.set_timing
                0x000000001781c0d4       0xb4 drivers/built-in.o
 .text.prepare_access
                0x000000001781c188       0x88 drivers/built-in.o
 .text.fuse_bank_physical
                0x000000001781c210       0x64 drivers/built-in.o
                0x000000001781c210                fuse_bank_physical
 .text.fuse_read
                0x000000001781c274       0x74 drivers/built-in.o
                0x000000001781c274                fuse_read
 .text.fuse_sense
                0x000000001781c2e8       0xac drivers/built-in.o
                0x000000001781c2e8                fuse_sense
 .text.fuse_prog
                0x000000001781c394       0xa8 drivers/built-in.o
                0x000000001781c394                fuse_prog
 .text.fuse_override
                0x000000001781c43c       0x6c drivers/built-in.o
                0x000000001781c43c                fuse_override
 .text.dfu_write_buffer_drain
                0x000000001781c4a8       0xa8 drivers/built-in.o
 .text.dfu_free_buf
                0x000000001781c550       0x20 drivers/built-in.o
                0x000000001781c550                dfu_free_buf
 .text.dfu_get_buf_size
                0x000000001781c570       0x10 drivers/built-in.o
                0x000000001781c570                dfu_get_buf_size
 .text.dfu_get_buf
                0x000000001781c580       0xb8 drivers/built-in.o
                0x000000001781c580                dfu_get_buf
 .text.dfu_write_transaction_cleanup
                0x000000001781c638       0x44 drivers/built-in.o
                0x000000001781c638                dfu_write_transaction_cleanup
 .text.dfu_flush
                0x000000001781c67c       0x64 drivers/built-in.o
                0x000000001781c67c                dfu_flush
 .text.dfu_write
                0x000000001781c6e0      0x184 drivers/built-in.o
                0x000000001781c6e0                dfu_write
 .text.dfu_read
                0x000000001781c864      0x26c drivers/built-in.o
                0x000000001781c864                dfu_read
 .text.dfu_free_entities
                0x000000001781cad0       0x9c drivers/built-in.o
                0x000000001781cad0                dfu_free_entities
 .text.dfu_config_entities
                0x000000001781cb6c      0x270 drivers/built-in.o
                0x000000001781cb6c                dfu_config_entities
 .text.dfu_init_env_entities
                0x000000001781cddc       0x90 drivers/built-in.o
                0x000000001781cddc                dfu_init_env_entities
 .text.dfu_get_dev_type
                0x000000001781ce6c       0x3c drivers/built-in.o
                0x000000001781ce6c                dfu_get_dev_type
 .text.dfu_get_layout
                0x000000001781cea8       0x3c drivers/built-in.o
                0x000000001781cea8                dfu_get_layout
 .text.dfu_show_entities
                0x000000001781cee4       0x74 drivers/built-in.o
                0x000000001781cee4                dfu_show_entities
 .text.dfu_get_alt_number
                0x000000001781cf58       0x10 drivers/built-in.o
                0x000000001781cf58                dfu_get_alt_number
 .text.dfu_get_entity
                0x000000001781cf68       0x40 drivers/built-in.o
                0x000000001781cf68                dfu_get_entity
 .text.mmc_file_op
                0x000000001781cfa8      0x19c drivers/built-in.o
 .text.dfu_free_entity_mmc
                0x000000001781d144       0x28 drivers/built-in.o
                0x000000001781d144                dfu_free_entity_mmc
 .text.mmc_access_part.isra.0
                0x000000001781d16c       0x68 drivers/built-in.o
 .text.mmc_block_op
                0x000000001781d1d4      0x1ec drivers/built-in.o
 .text.dfu_write_medium_mmc
                0x000000001781d3c0       0xb8 drivers/built-in.o
                0x000000001781d3c0                dfu_write_medium_mmc
 .text.dfu_flush_medium_mmc
                0x000000001781d478       0x48 drivers/built-in.o
                0x000000001781d478                dfu_flush_medium_mmc
 .text.dfu_get_medium_size_mmc
                0x000000001781d4c0       0x90 drivers/built-in.o
                0x000000001781d4c0                dfu_get_medium_size_mmc
 .text.dfu_read_medium_mmc
                0x000000001781d550       0xe4 drivers/built-in.o
                0x000000001781d550                dfu_read_medium_mmc
 .text.dfu_fill_entity_mmc
                0x000000001781d634      0x320 drivers/built-in.o
                0x000000001781d634                dfu_fill_entity_mmc
 .text.dfu_get_medium_size_sf
                0x000000001781d954        0x8 drivers/built-in.o
 .text.dfu_read_medium_sf
                0x000000001781d95c       0x28 drivers/built-in.o
 .text.dfu_flush_medium_sf
                0x000000001781d984        0x8 drivers/built-in.o
 .text.dfu_polltimeout_sf
                0x000000001781d98c        0x8 drivers/built-in.o
 .text.dfu_free_entity_sf
                0x000000001781d994        0x8 drivers/built-in.o
 .text.dfu_write_medium_sf
                0x000000001781d99c       0x98 drivers/built-in.o
 .text.dfu_fill_entity_sf
                0x000000001781da34      0x2d8 drivers/built-in.o
                0x000000001781da34                dfu_fill_entity_sf
 .text.reset_cpu
                0x000000001781dd0c       0x2c drivers/built-in.o
                0x000000001781dd0c                reset_cpu
 .text.thermal_get_temp
                0x000000001781dd38       0x20 drivers/built-in.o
                0x000000001781dd38                thermal_get_temp
 .text.read_cpu_temperature
                0x000000001781dd58       0xf0 drivers/built-in.o
 .text.imx_thermal_get_temp
                0x000000001781de48       0x64 drivers/built-in.o
                0x000000001781de48                imx_thermal_get_temp
 .text.imx_thermal_probe
                0x000000001781deac       0xc8 drivers/built-in.o
 .text.gpio_set_value
                0x000000001781df74       0x44 drivers/gpio/built-in.o
                0x000000001781df74                gpio_set_value
 .text.gpio_get_value
                0x000000001781dfb8       0x34 drivers/gpio/built-in.o
                0x000000001781dfb8                gpio_get_value
 .text.gpio_request
                0x000000001781dfec       0x10 drivers/gpio/built-in.o
                0x000000001781dfec                gpio_request
 .text.gpio_free
                0x000000001781dffc        0x8 drivers/gpio/built-in.o
                0x000000001781dffc                gpio_free
 .text.gpio_direction_input
                0x000000001781e004       0x3c drivers/gpio/built-in.o
                0x000000001781e004                gpio_direction_input
 .text.gpio_direction_output
                0x000000001781e040       0x50 drivers/gpio/built-in.o
                0x000000001781e040                gpio_direction_output
 .text.i2c_get_adapter
                0x000000001781e090       0x64 drivers/i2c/built-in.o
                0x000000001781e090                i2c_get_adapter
 .text.i2c_init_bus
                0x000000001781e0f4       0x90 drivers/i2c/built-in.o
 .text.i2c_get_bus_num
                0x000000001781e184        0x8 drivers/i2c/built-in.o
                0x000000001781e184                i2c_get_bus_num
 .text.i2c_set_bus_num
                0x000000001781e18c       0xb8 drivers/i2c/built-in.o
                0x000000001781e18c                i2c_set_bus_num
 .text.i2c_init_all
                0x000000001781e244       0x14 drivers/i2c/built-in.o
                0x000000001781e244                i2c_init_all
 .text.i2c_probe
                0x000000001781e258       0x2c drivers/i2c/built-in.o
                0x000000001781e258                i2c_probe
 .text.i2c_read
                0x000000001781e284       0x4c drivers/i2c/built-in.o
                0x000000001781e284                i2c_read
 .text.i2c_write
                0x000000001781e2d0       0x4c drivers/i2c/built-in.o
                0x000000001781e2d0                i2c_write
 .text.i2c_set_bus_speed
                0x000000001781e31c       0x64 drivers/i2c/built-in.o
                0x000000001781e31c                i2c_set_bus_speed
 .text.i2c_get_bus_speed
                0x000000001781e380       0x14 drivers/i2c/built-in.o
                0x000000001781e380                i2c_get_bus_speed
 .text.i2c_init
                0x000000001781e394       0x14 drivers/i2c/built-in.o
                0x000000001781e394                i2c_init
 .text.wait_for_sr_state
                0x000000001781e3a8      0x100 drivers/i2c/built-in.o
 .text.tx_byte  0x000000001781e4a8       0x50 drivers/i2c/built-in.o
 .text.bus_i2c_set_bus_speed
                0x000000001781e4f8       0xb4 drivers/i2c/built-in.o
 .text.mxc_i2c_set_bus_speed
                0x000000001781e5ac       0x18 drivers/i2c/built-in.o
 .text.i2c_imx_stop
                0x000000001781e5c4       0x50 drivers/i2c/built-in.o
 .text.__i2c_force_reset_slave
                0x000000001781e614        0x4 drivers/i2c/built-in.o
                0x000000001781e614                __i2c_force_reset_slave
                0x000000001781e614                i2c_force_reset_slave
 .text.i2c_idle_bus
                0x000000001781e618       0x24 drivers/i2c/built-in.o
                0x000000001781e618                i2c_idle_bus
 .text.i2c_init_transfer
                0x000000001781e63c      0x230 drivers/i2c/built-in.o
 .text.mxc_i2c_probe
                0x000000001781e86c       0x40 drivers/i2c/built-in.o
 .text.mxc_i2c_read
                0x000000001781e8ac      0x184 drivers/i2c/built-in.o
 .text.mxc_i2c_write
                0x000000001781ea30       0x6c drivers/i2c/built-in.o
 .text.bus_i2c_init
                0x000000001781ea9c       0x50 drivers/i2c/built-in.o
                0x000000001781ea9c                bus_i2c_init
 .text.mxc_i2c_init
                0x000000001781eaec       0x1c drivers/i2c/built-in.o
 .text.esdhc_getcd
                0x000000001781eb08       0x40 drivers/mmc/built-in.o
 .text.esdhc_set_ios
                0x000000001781eb48      0x124 drivers/mmc/built-in.o
 .text.esdhc_init
                0x000000001781ec6c       0x88 drivers/mmc/built-in.o
 .text.check_and_invalidate_dcache_range.isra.0
                0x000000001781ecf4       0x30 drivers/mmc/built-in.o
 .text.esdhc_send_cmd
                0x000000001781ed24      0x3d4 drivers/mmc/built-in.o
 .text.fsl_esdhc_initialize
                0x000000001781f0f8      0x160 drivers/mmc/built-in.o
                0x000000001781f0f8                fsl_esdhc_initialize
 .text.fsl_esdhc_mmc_init
                0x000000001781f258       0x34 drivers/mmc/built-in.o
                0x000000001781f258                fsl_esdhc_mmc_init
 .text.mmc_set_ios
                0x000000001781f28c       0x18 drivers/mmc/built-in.o
 .text.mmc_set_capacity
                0x000000001781f2a4       0xa8 drivers/mmc/built-in.o
 .text.board_mmc_getwp
                0x000000001781f34c        0x8 drivers/mmc/built-in.o
                0x000000001781f34c                board_mmc_getwp
 .text.mmc_getwp
                0x000000001781f354       0x3c drivers/mmc/built-in.o
                0x000000001781f354                mmc_getwp
 .text.mmc_send_cmd
                0x000000001781f390       0x10 drivers/mmc/built-in.o
                0x000000001781f390                mmc_send_cmd
 .text.mmc_send_ext_csd
                0x000000001781f3a0       0x4c drivers/mmc/built-in.o
 .text.mmc_go_idle